CenterMap.map
50,50
5,24
FFFFFFFFFPPPPPPPPPPPFFFFFFFAAAAAAAAAASSSSSWWWWDDDD
FFFFFFFPPPPPPPPPPPPPFFFFFFFFAAAAAAAAAAASSSWWWWDDDD
FFFFFPPPPPPPPPPPPPPPFFFFFFFFFAAAAAAAAASSSSWWWWDDDD
FFFFFPPPPPPPPPPPPPPPPFFFFFFFFAAAAAAAASSSSWWWWDDDDD
FFFFFFFFFFPPPPPPPPPPPPPFFFFFFAAAAAAASSSSWWWWDDDDDD
FFFFFFFFFFFFFFFPPPPPPPPPFFFFFFAAAAAASSSSWWWWDDDDDD
FFFFFFFFFFFFFFFFFFFFFFFFFFFFFAAAAAASSSSWWWWWDDDDDD
FFFFFFFFFFFFFFFFFFFFFFFFFFFAAAAAAASSSSWWWWDDDDDDDD
FFFFFFFFFFFFFFFFFFFFFFFFFAAAAAASSSSWWWWWWDDDDDDDDD
FFFFFFFFFFFFFMMMMMMMMMMMMMMMMMMMMMMMMMMDDDDDDDDDDD
FFFFFFMMMMMMMMMMMMMMMMMMMMMMMMMMMMMMMMMMMDDDDDDDDD
FFFFMMMMMMMMMMMMMMMMMMMMMMMMMMMMMMMMMMMMMDDDDDDDDD
PPPPPPPPPPPPPPPPPPPPPPPPMMMMMMMMPPPPPPPPDDDDDDDDDD
PPPPPPPPPPPPPPPPPPPPPPPPPPPMMMMPPPPPPPPPPPDDDDDDDD
PPPPPPPPPPPPPPPPPPPPPPPPPPPPPPPPPPPDDDDDDDDDDDDDDD
PPPPPPPPPPPPPPPPPPPPPPPPPPPPDDDDDDDDDDDDDDDDDDDDDD
PPPPPPPPPPPPPPPPPPPPPPDDDDDDDDDDDDDDDDDDDDDDDDDDDD
PPPPPPPPDDDDDDDDDDDDDDDDDDDDDDDDDDDDDWWWWWWWWWWWWW
PPDDDDDDDDDDDDDDDDDDDDDDDDDDDDDDDDDDDDDDDWWWWWWWWW
DDDDDDDDDDDDDDDDDDDDDDDDDDDDDDDDDDDDDDDDDDDDWWWWWW
DDDDDDDDDDDDDDFFFFFDDDDDDDDDDDDDDDDDDDDDDDDDDDDWWW
DDDDDDDDDDDDDDFFAAFFDDDDDDDDDDDDDDDDDDDDDDDDDDDDDD
DDDDDDDDDDDDFFAAAAAFFDDDDDDDDDDDDDDDDDDDDDDDDDDDDD
DDDDDDDDDDDFFAAAOLeftMap.map,AAAFFDDDDDDDDDDDDDDDDDDDDDDDDDDDD
DDDDDDDDDDDDFFAAAAAFFFDDDDDDDDDDDDDDDDDDMMMMMMMMMM
DDDDDDDDDDDDDFFFAAFFFDDDDDDDDDDDDDDDDDDDDMMMMMMMMM
DDDDDDDDDDDDDDDFFFFDDDDDDDDDDDDDDDDDDDDMMMMMMMMFFF
DDDDDDDDDDDDDDDDDDDDDDDDDDDDDDDDDDDDMMMMMMMMMFFFFF
DDDDDDDDDDDDDDDDDDDDDDDDDDDDDDDDDDDDMMMMMMMFFFFFFF
DDDDDDDDDDDDDDDDDDDDDDDDDDDDDDDDDDDMMMMMMFFFFFFFFF
PPPPPPDDDDDDDDDDDDDDDDDDDDDDPPPPPPMMMMMMFFFFFFFFFF
FFPPPPPPPPPPDDDDDDDDDDDDDPPPPPPPPMMMMMMFFFFFFFFFWW
FFFFFFFPPPPPPPPPPPDDDPPPPPPPPPFFFMMMMMFFFFFFFFWWWW
FFFFFFFFFFFFFPPPPPPPPPPPPPPFFFFFFMMMMMFFFFFFWWWWORightMap.map,W
FFFFFFFFFFFFFFFFFFFFFFFFFFFFFFFFFFFMMMFFFFFFFWWWWW
SSSSFFFFFFFFFFFFFFFFFFFFFFFFFFFFFFMMMMMFFFFFFFFWWW
SSSSSSFFFFFFFFFFFPPPPPPPPPPPPPPPFFFFFMMMMFFFFFFFWW
SSSSSSSSFFFFFFPPPPPPPPPPPPPPPPPPFFFFFFFFMMMFFFFFFW
OTopMap.map,SSSSSSFFFFPPPPPPPPPPPPPPPPPPPPPPPPFFFFFFFMMFFFFFF
SSSSSFFFFFFPPPPPPPPPPPPPPPPPPPPPPPPPPPPFFFFFFMMMFF
SSSFFFPPPPPPPPPPPPPPPPPPPPPPPPPPPPPPPPPPPPPPPPPPMM
SSFFPPPPPPPPPPPPPPPPPPPPPPPPPPPPPPPPPPPPPPPPPPPPPP
PPPPPPPPPPPPPPPPPPPPPPPPPPPPPPPPPPPPPPPPPPPPPPPPPP
PDPDPDPDPDPDPDPDPDPDPDPDPDPDPDPDPDPDPDPDPDPDPDPDPD
DDPDDPDDPDDPDDPDDPDDPDDPDDDPDDPDDDPDDDPDDDPDDDPDDD
DDDDDDDDDDDDDDDDDDDDDDDDDDDDDDDDDDDDDDDDDDDDDDDDDD
DDDWDDDWDDDWDDDWDDWDDDWDDDWWDDWDWDWDDDDWDDDDWDDDWD
WWWDWWWDWWDWDDWWWWDWWWDWWWDWWWDWWWDWWWWWDWWWWDWWWW
WWWWWWWWWWWWWWWWWWWWWWWWWWWWWWWWWWWWWWWWWWWWWWWWWW
WWWWWWWWWWWWWWWWWWWWWOBottomMap.map,WWWWWWWWWWWWWWWWWWWWWWWWWWWW