TopMap.map
40,40
5,35
AAAAAAAAAAAAAAAAAAAAAAAAAAAAAAAAAAAAAAAA
DDDDDDDDDDDDDDDDDAAAAAAAAAAAAAAAAAADDDDD
DDDDDDDDDDDDDDDDDDDDDDAAAAAAAAADDDDDDDDD
PPPPPPPPPPPPDDDDDDDDDDDDOBottomMap.map,AAAADDDDDDDDPPP
PPPPPPPPPPPPPPPPPDDDDDDDDDAADDDDDDDPPPPP
FFFPPPPPPPPPPPPPPPPPPPPDDDADDDPPPPPPPPPP
FFFFFFFFPPPPPPPPPPPPPPPPPDAADDPPPPPPPPFF
FFFFFFFFFFFPPPPPPPPPPPPPPPDADPPPPPPPFFFF
FFFFFFFFFFFFFFFFFFPPPPPPPPDAAPPPFFFFFFFF
FFFFFFFFFFFFFFFFFFFFFFFFFFPDAADPFFFFFFOLeftMap.map,F
FFFFFFFFFFFFFFFFFFFFFFFPPPPPDADPFFFFFFFF
FFFFFFFFFFFFFSSSSWWFFFPPPPPPDAADPPFFFFFF
FFFFFSSSSSSSSSSSWWWWPPPPPPPPPDADPPPPFFFF
FFSSSSSSSSSSSSSSSWWWWPPPPPPPDAADPPPPPPFF
SSSSSSSSSSSSSSSSSSSWWWPPPPPDAADPPPPPPPPP
SSSSSSSSSSSSSSSSSSWWWWPPPPDAADPPPPPPPPPP
SSSSSSSSSSSSSSWWWWWPPPPPPDAADPPPPPPPPPPP
OCenterMap.map,SSSSSSSSSWWWWWWWPPPPPPPDAADPPPPPPPPPPPP
SSSSSSWWWWWWWWWPPPPPPPPDAADPPPPPPPPPPPPP
SSSWWWWWWWWPPPPPPPPPPPDAADPPPPPPPPPPPPPP
WWWWWWWWPPPPPPPPPPPPPDAADPPPPPPPPPPPPPPP
WWWWWPPPPPPPPPPPPPPPPDAAADPPPPPPPPPPPPPP
WWWPPPPPPPPPPPPPPPPPDAAAAADPPPPPPPPPSSSS
WWPPPPPPPPPPPPPPPPPPDAAADPPPPPPPPPSSSSSS
PPPPPPPPPPPPPPPPPPPPPDAADPPPPPPPPPPPSSSS
PPPPPPPPPPPPPPPPPPPPPDADPPPPPPPPPPPPSSSS
PPPPPPPPPPPPPPPPPPPPDAADPPPPPPPPPSSSSSSS
PPPPPPPPPPPPPPPPPPPDAADPPPPPPPPSSSSSSSSS
PPPPPPPPPPPPPPPPPPPDADPPPPPPPSSSSSSSSSSS
PPPPPPPPPPPPPPPPPPPDADPPPPPSSSSSSSSSSSSS
PPPPPPPPPPPPPPPPPPDAADPPPSSSSSSSSSSSSSSS
PPPPPPPPPPPPPFFFFFDADPPPSSSSSSSSSSSSSSSS
DPPPPPPPPPPFFFFFFPDAADPSSSSSSSSSSSSSSSSS
ADPPPPPPPPPPFFFFFFPDADPSSSSSSSSSSSSSSSSS
AADPPPPPPPPPPFFFFPDAADPSSSSSSSSSSSSSSSSS
AAADPPPPPPPFFFFFFPDAADPSSSSSSSSSSSSSSSSS
AADPPPPPFFFFFFFFFPDADPSSSSSSSSSSSSSSSSSS
AAADPPPPFFFFFFFFPDAADPSSSSSSSSSSSORightMap.map,SSSSSS
AAAADPPPPFFFFFFPDAADPSSSSSSSSSSSSSSSSSSS
AAAADPPFFFFFFFFPDAADPSSSSSSSSSSSSSSSSSSS